{
  "error": {
    "detail": "Avatar o id 1 nie istnieje",
    "status": 400,
    "type": "about:blank",
    "title": "Bad Request"
  }
}
